
                         MODELLER 10.3, 2022/07/08, r12388

     PROTEIN STRUCTURE MODELLING BY SATISFACTION OF SPATIAL RESTRAINTS


                     Copyright(c) 1989-2022 Andrej Sali
                            All Rights Reserved

                             Written by A. Sali
                               with help from
              B. Webb, M.S. Madhusudhan, M-Y. Shen, G.Q. Dong,
          M.A. Marti-Renom, N. Eswar, F. Alber, M. Topf, B. Oliva,
             A. Fiser, R. Sanchez, B. Yerkovich, A. Badretdinov,
                     F. Melo, J.P. Overington, E. Feyfant
                 University of California, San Francisco, USA
                    Rockefeller University, New York, USA
                      Harvard University, Cambridge, USA
                   Imperial Cancer Research Fund, London, UK
              Birkbeck College, University of London, London, UK


Kind, OS, HostName, Kernel, Processor: 4, Linux golem 5.15.0-139-generic x86_64
Date and time of compilation         : 2022/07/08 22:21:48
MODELLER executable type             : x86_64-intel8
Job starting time (YY/MM/DD HH:MM:SS): 2026/04/24 14:23:23

environ____W> The class 'environ' is deprecated; use 'Environ' instead
openf___224_> Open           $(LIB)/restyp.lib
openf___224_> Open           ${MODINSTALL10v3}/modlib/resgrp.lib
rdresgr_266_> Number of residue groups:        2
openf___224_> Open           ${MODINSTALL10v3}/modlib/sstruc.lib

Dynamically allocated memory at   amaxlibraries [B,KiB,MiB]:       191566     187.076     0.183

Dynamically allocated memory at   amaxlibraries [B,KiB,MiB]:       192094     187.592     0.183
openf___224_> Open           ${MODINSTALL10v3}/modlib/resdih.lib

Dynamically allocated memory at   amaxlibraries [B,KiB,MiB]:       240694     235.053     0.230
rdrdih__263_> Number of dihedral angle types         :        9
              Maximal number of dihedral angle optima:        3
              Dihedral angle names                   :  Alph Phi Psi Omeg chi1 chi2 chi3 chi4 chi5
openf___224_> Open           ${MODINSTALL10v3}/modlib/radii.lib

Dynamically allocated memory at   amaxlibraries [B,KiB,MiB]:       253994     248.041     0.242
openf___224_> Open           ${MODINSTALL10v3}/modlib/af_mnchdef.lib
rdwilmo_274_> Mainchain residue conformation classes:  APBLE
openf___224_> Open           ${MODINSTALL10v3}/modlib/mnch.lib
rdclass_257_> Number of classes:        5
openf___224_> Open           ${MODINSTALL10v3}/modlib/mnch1.lib
openf___224_> Open           ${MODINSTALL10v3}/modlib/mnch2.lib
openf___224_> Open           ${MODINSTALL10v3}/modlib/mnch3.lib
openf___224_> Open           ${MODINSTALL10v3}/modlib/xs4.mat
rdrrwgh_268_> Number of residue types:       21
automodel__W> The class 'automodel' is deprecated; use 'AutoModel' instead
openf___224_> Open           5nj8_A_alignment.pir

Dynamically allocated memory at   amaxalignment [B,KiB,MiB]:       265959     259.726     0.254

Dynamically allocated memory at   amaxalignment [B,KiB,MiB]:       267409     261.142     0.255

Dynamically allocated memory at   amaxalignment [B,KiB,MiB]:       270309     263.974     0.258

Dynamically allocated memory at   amaxalignment [B,KiB,MiB]:       276109     269.638     0.263

Dynamically allocated memory at   amaxalignment [B,KiB,MiB]:       405317     395.817     0.387

Dynamically allocated memory at    amaxsequence [B,KiB,MiB]:       405345     395.845     0.387

Dynamically allocated memory at    amaxsequence [B,KiB,MiB]:       405373     395.872     0.387

Dynamically allocated memory at    amaxsequence [B,KiB,MiB]:       405401     395.899     0.387

Dynamically allocated memory at    amaxsequence [B,KiB,MiB]:       405429     395.927     0.387

Dynamically allocated memory at    amaxsequence [B,KiB,MiB]:       406225     396.704     0.387

Dynamically allocated memory at    amaxsequence [B,KiB,MiB]:       406557     397.028     0.388
read_al_374_> Non-standard residue type,position,sequence:  .      177        1
read_al_374_> Non-standard residue type,position,sequence:  .      178        1
read_al_374_> Non-standard residue type,position,sequence:  .      179        1
read_al_374_> Non-standard residue type,position,sequence:  .      180        1
read_al_374_> Non-standard residue type,position,sequence:  .      181        1
read_al_374_> Non-standard residue type,position,sequence:  .      182        1
read_al_374_> Non-standard residue type,position,sequence:  .      183        1
read_al_374_> Non-standard residue type,position,sequence:  .      184        1
read_al_374_> Non-standard residue type,position,sequence:  .      185        1
read_al_374_> Non-standard residue type,position,sequence:  .      186        1
read_al_374_> Non-standard residue type,position,sequence:  .      187        1
read_al_374_> Non-standard residue type,position,sequence:  .      188        1
read_al_374_> Non-standard residue type,position,sequence:  .      189        1
read_al_374_> Non-standard residue type,position,sequence:  .      190        1
read_al_374_> Non-standard residue type,position,sequence:  .      191        1
read_al_374_> Non-standard residue type,position,sequence:  .      192        1
read_al_374_> Non-standard residue type,position,sequence:  .      193        1
read_al_374_> Non-standard residue type,position,sequence:  .      194        1
read_al_374_> Non-standard residue type,position,sequence:  .      195        1
read_al_374_> Non-standard residue type,position,sequence:  .      196        1
read_al_374_> Non-standard residue type,position,sequence:  .      197        1
read_al_374_> Non-standard residue type,position,sequence:  .      198        1
read_al_374_> Non-standard residue type,position,sequence:  .      199        1
read_al_374_> Non-standard residue type,position,sequence:  .      200        1
read_al_374_> Non-standard residue type,position,sequence:  .      177        2
read_al_374_> Non-standard residue type,position,sequence:  .      178        2
read_al_374_> Non-standard residue type,position,sequence:  .      179        2
read_al_374_> Non-standard residue type,position,sequence:  .      180        2
read_al_374_> Non-standard residue type,position,sequence:  .      181        2
read_al_374_> Non-standard residue type,position,sequence:  .      182        2
read_al_374_> Non-standard residue type,position,sequence:  .      183        2
read_al_374_> Non-standard residue type,position,sequence:  .      184        2
read_al_374_> Non-standard residue type,position,sequence:  .      185        2
read_al_374_> Non-standard residue type,position,sequence:  .      186        2
read_al_374_> Non-standard residue type,position,sequence:  .      187        2
read_al_374_> Non-standard residue type,position,sequence:  .      188        2
read_al_374_> Non-standard residue type,position,sequence:  .      189        2
read_al_374_> Non-standard residue type,position,sequence:  .      190        2
read_al_374_> Non-standard residue type,position,sequence:  .      191        2
read_al_374_> Non-standard residue type,position,sequence:  .      192        2
read_al_374_> Non-standard residue type,position,sequence:  .      193        2
read_al_374_> Non-standard residue type,position,sequence:  .      194        2
read_al_374_> Non-standard residue type,position,sequence:  .      195        2
read_al_374_> Non-standard residue type,position,sequence:  .      196        2
read_al_374_> Non-standard residue type,position,sequence:  .      197        2
read_al_374_> Non-standard residue type,position,sequence:  .      198        2
read_al_374_> Non-standard residue type,position,sequence:  .      199        2
read_al_374_> Non-standard residue type,position,sequence:  .      200        2

Read the alignment from file       : 5nj8_A_alignment.pir

Total number of alignment positions:   200

  #  Code        #_Res #_Segm PDB_code    Name
-------------------------------------------------------------------------------
  1       5nj8     200      3        5nj8
  2      query      84      3       query
check_a_343_> >> BEGINNING OF COMMAND
openf___224_> Open           5nj8.pdb

Dynamically allocated memory at amaxcoordinates [B,KiB,MiB]:       468282     457.307     0.447

Dynamically allocated memory at    amaxsequence [B,KiB,MiB]:       468282     457.307     0.447

Dynamically allocated memory at amaxcoordinates [B,KiB,MiB]:       468453     457.474     0.447

Dynamically allocated memory at amaxcoordinates [B,KiB,MiB]:       469303     458.304     0.448

Dynamically allocated memory at amaxcoordinates [B,KiB,MiB]:       470561     459.532     0.449

Dynamically allocated memory at amaxcoordinates [B,KiB,MiB]:       472465     461.392     0.451

Dynamically allocated memory at    amaxsequence [B,KiB,MiB]:       472465     461.392     0.451

Dynamically allocated memory at amaxcoordinates [B,KiB,MiB]:       472555     461.479     0.451

Dynamically allocated memory at amaxcoordinates [B,KiB,MiB]:       475411     464.269     0.453

Dynamically allocated memory at    amaxsequence [B,KiB,MiB]:       475411     464.269     0.453

Dynamically allocated memory at amaxcoordinates [B,KiB,MiB]:       475546     464.400     0.454

Dynamically allocated memory at amaxcoordinates [B,KiB,MiB]:       479830     468.584     0.458

Dynamically allocated memory at    amaxsequence [B,KiB,MiB]:       479830     468.584     0.458

Dynamically allocated memory at amaxcoordinates [B,KiB,MiB]:       480028     468.777     0.458

Dynamically allocated memory at amaxcoordinates [B,KiB,MiB]:       486454     475.053     0.464

Dynamically allocated memory at    amaxsequence [B,KiB,MiB]:       486454     475.053     0.464

Dynamically allocated memory at amaxcoordinates [B,KiB,MiB]:       486751     475.343     0.464

Dynamically allocated memory at amaxcoordinates [B,KiB,MiB]:       496373     484.739     0.473

Dynamically allocated memory at    amaxsequence [B,KiB,MiB]:       496373     484.739     0.473

Dynamically allocated memory at amaxcoordinates [B,KiB,MiB]:       496823     485.179     0.474

Dynamically allocated memory at amaxcoordinates [B,KiB,MiB]:       511273     499.290     0.488

Dynamically allocated memory at    amaxsequence [B,KiB,MiB]:       511273     499.290     0.488

Dynamically allocated memory at amaxcoordinates [B,KiB,MiB]:       511948     499.949     0.488

Dynamically allocated memory at amaxcoordinates [B,KiB,MiB]:       533606     521.100     0.509

Dynamically allocated memory at    amaxsequence [B,KiB,MiB]:       533606     521.100     0.509

Dynamically allocated memory at amaxcoordinates [B,KiB,MiB]:       533606     521.100     0.509

Dynamically allocated memory at   amaxstructure [B,KiB,MiB]:       533381     520.880     0.509
replace_706W> BLK ('.') residue type in alignment will force 'AutoModel'
              model building to treat residue type  DGUA as a rigid body,
              even though topology information appears to be at least
              partially available. To treat this residue flexibly
              instead, use 1-letter code ' l' in the alignment.
replace_706W> BLK ('.') residue type in alignment will force 'AutoModel'
              model building to treat residue type  DGUA as a rigid body,
              even though topology information appears to be at least
              partially available. To treat this residue flexibly
              instead, use 1-letter code ' l' in the alignment.
replace_706W> BLK ('.') residue type in alignment will force 'AutoModel'
              model building to treat residue type  DTHY as a rigid body,
              even though topology information appears to be at least
              partially available. To treat this residue flexibly
              instead, use 1-letter code ' t' in the alignment.
replace_706W> BLK ('.') residue type in alignment will force 'AutoModel'
              model building to treat residue type  DCYT as a rigid body,
              even though topology information appears to be at least
              partially available. To treat this residue flexibly
              instead, use 1-letter code ' j' in the alignment.
replace_706W> BLK ('.') residue type in alignment will force 'AutoModel'
              model building to treat residue type  DADE as a rigid body,
              even though topology information appears to be at least
              partially available. To treat this residue flexibly
              instead, use 1-letter code ' e' in the alignment.
replace_706W> BLK ('.') residue type in alignment will force 'AutoModel'
              model building to treat residue type  DCYT as a rigid body,
              even though topology information appears to be at least
              partially available. To treat this residue flexibly
              instead, use 1-letter code ' j' in the alignment.
replace_706W> BLK ('.') residue type in alignment will force 'AutoModel'
              model building to treat residue type  DGUA as a rigid body,
              even though topology information appears to be at least
              partially available. To treat this residue flexibly
              instead, use 1-letter code ' l' in the alignment.
replace_706W> BLK ('.') residue type in alignment will force 'AutoModel'
              model building to treat residue type  DCYT as a rigid body,
              even though topology information appears to be at least
              partially available. To treat this residue flexibly
              instead, use 1-letter code ' j' in the alignment.
replace_706W> BLK ('.') residue type in alignment will force 'AutoModel'
              model building to treat residue type  DADE as a rigid body,
              even though topology information appears to be at least
              partially available. To treat this residue flexibly
              instead, use 1-letter code ' e' in the alignment.
replace_706W> BLK ('.') residue type in alignment will force 'AutoModel'
              model building to treat residue type  DADE as a rigid body,
              even though topology information appears to be at least
              partially available. To treat this residue flexibly
              instead, use 1-letter code ' e' in the alignment.
replace_706W> BLK ('.') residue type in alignment will force 'AutoModel'
              model building to treat residue type  DCYT as a rigid body,
              even though topology information appears to be at least
              partially available. To treat this residue flexibly
              instead, use 1-letter code ' j' in the alignment.
replace_706W> BLK ('.') residue type in alignment will force 'AutoModel'
              model building to treat residue type  DCYT as a rigid body,
              even though topology information appears to be at least
              partially available. To treat this residue flexibly
              instead, use 1-letter code ' j' in the alignment.
replace_706W> BLK ('.') residue type in alignment will force 'AutoModel'
              model building to treat residue type  DGUA as a rigid body,
              even though topology information appears to be at least
              partially available. To treat this residue flexibly
              instead, use 1-letter code ' l' in the alignment.
replace_706W> BLK ('.') residue type in alignment will force 'AutoModel'
              model building to treat residue type  DGUA as a rigid body,
              even though topology information appears to be at least
              partially available. To treat this residue flexibly
              instead, use 1-letter code ' l' in the alignment.
replace_706W> BLK ('.') residue type in alignment will force 'AutoModel'
              model building to treat residue type  DTHY as a rigid body,
              even though topology information appears to be at least
              partially available. To treat this residue flexibly
              instead, use 1-letter code ' t' in the alignment.
replace_706W> BLK ('.') residue type in alignment will force 'AutoModel'
              model building to treat residue type  DTHY as a rigid body,
              even though topology information appears to be at least
              partially available. To treat this residue flexibly
              instead, use 1-letter code ' t' in the alignment.
replace_706W> BLK ('.') residue type in alignment will force 'AutoModel'
              model building to treat residue type  DGUA as a rigid body,
              even though topology information appears to be at least
              partially available. To treat this residue flexibly
              instead, use 1-letter code ' l' in the alignment.
replace_706W> BLK ('.') residue type in alignment will force 'AutoModel'
              model building to treat residue type  DCYT as a rigid body,
              even though topology information appears to be at least
              partially available. To treat this residue flexibly
              instead, use 1-letter code ' j' in the alignment.
replace_706W> BLK ('.') residue type in alignment will force 'AutoModel'
              model building to treat residue type  DGUA as a rigid body,
              even though topology information appears to be at least
              partially available. To treat this residue flexibly
              instead, use 1-letter code ' l' in the alignment.
replace_706W> BLK ('.') residue type in alignment will force 'AutoModel'
              model building to treat residue type  DTHY as a rigid body,
              even though topology information appears to be at least
              partially available. To treat this residue flexibly
              instead, use 1-letter code ' t' in the alignment.
replace_706W> BLK ('.') residue type in alignment will force 'AutoModel'
              model building to treat residue type  DGUA as a rigid body,
              even though topology information appears to be at least
              partially available. To treat this residue flexibly
              instead, use 1-letter code ' l' in the alignment.
replace_706W> BLK ('.') residue type in alignment will force 'AutoModel'
              model building to treat residue type  DADE as a rigid body,
              even though topology information appears to be at least
              partially available. To treat this residue flexibly
              instead, use 1-letter code ' e' in the alignment.
replace_706W> BLK ('.') residue type in alignment will force 'AutoModel'
              model building to treat residue type  DCYT as a rigid body,
              even though topology information appears to be at least
              partially available. To treat this residue flexibly
              instead, use 1-letter code ' j' in the alignment.
replace_706W> BLK ('.') residue type in alignment will force 'AutoModel'
              model building to treat residue type  DCYT as a rigid body,
              even though topology information appears to be at least
              partially available. To treat this residue flexibly
              instead, use 1-letter code ' j' in the alignment.
fndatmi_285W> Only      176 residues out of      200 contain atoms of type  CA
              (This is usually caused by non-standard residues, such
              as ligands, or by PDB files with missing atoms.)
fndatmi_285W> Only      176 residues out of      200 contain atoms of type  CA
              (This is usually caused by non-standard residues, such
              as ligands, or by PDB files with missing atoms.)

check_ali___> Checking the sequence-structure alignment. 

Implied intrachain target CA(i)-CA(i+1) distances longer than  8.0 angstroms:

ALN_POS  TMPL  RID1  RID2  NAM1  NAM2     DIST
----------------------------------------------
END OF TABLE
check_a_344_> << END OF COMMAND
openf___224_> Open           5nj8_A_alignment.pir
read_al_374_> Non-standard residue type,position,sequence:  .      177        1
read_al_374_> Non-standard residue type,position,sequence:  .      178        1
read_al_374_> Non-standard residue type,position,sequence:  .      179        1
read_al_374_> Non-standard residue type,position,sequence:  .      180        1
read_al_374_> Non-standard residue type,position,sequence:  .      181        1
read_al_374_> Non-standard residue type,position,sequence:  .      182        1
read_al_374_> Non-standard residue type,position,sequence:  .      183        1
read_al_374_> Non-standard residue type,position,sequence:  .      184        1
read_al_374_> Non-standard residue type,position,sequence:  .      185        1
read_al_374_> Non-standard residue type,position,sequence:  .      186        1
read_al_374_> Non-standard residue type,position,sequence:  .      187        1
read_al_374_> Non-standard residue type,position,sequence:  .      188        1
read_al_374_> Non-standard residue type,position,sequence:  .      189        1
read_al_374_> Non-standard residue type,position,sequence:  .      190        1
read_al_374_> Non-standard residue type,position,sequence:  .      191        1
read_al_374_> Non-standard residue type,position,sequence:  .      192        1
read_al_374_> Non-standard residue type,position,sequence:  .      193        1
read_al_374_> Non-standard residue type,position,sequence:  .      194        1
read_al_374_> Non-standard residue type,position,sequence:  .      195        1
read_al_374_> Non-standard residue type,position,sequence:  .      196        1
read_al_374_> Non-standard residue type,position,sequence:  .      197        1
read_al_374_> Non-standard residue type,position,sequence:  .      198        1
read_al_374_> Non-standard residue type,position,sequence:  .      199        1
read_al_374_> Non-standard residue type,position,sequence:  .      200        1

Read the alignment from file       : 5nj8_A_alignment.pir

Total number of alignment positions:   200

  #  Code        #_Res #_Segm PDB_code    Name
-------------------------------------------------------------------------------
  1       5nj8     200      3        5nj8
malign3_327W> Only one structure; nothing done.
openf___224_> Open           5nj8_A_alignment.pir
read_al_374_> Non-standard residue type,position,sequence:  .      177        1
read_al_374_> Non-standard residue type,position,sequence:  .      178        1
read_al_374_> Non-standard residue type,position,sequence:  .      179        1
read_al_374_> Non-standard residue type,position,sequence:  .      180        1
read_al_374_> Non-standard residue type,position,sequence:  .      181        1
read_al_374_> Non-standard residue type,position,sequence:  .      182        1
read_al_374_> Non-standard residue type,position,sequence:  .      183        1
read_al_374_> Non-standard residue type,position,sequence:  .      184        1
read_al_374_> Non-standard residue type,position,sequence:  .      185        1
read_al_374_> Non-standard residue type,position,sequence:  .      186        1
read_al_374_> Non-standard residue type,position,sequence:  .      187        1
read_al_374_> Non-standard residue type,position,sequence:  .      188        1
read_al_374_> Non-standard residue type,position,sequence:  .      189        1
read_al_374_> Non-standard residue type,position,sequence:  .      190        1
read_al_374_> Non-standard residue type,position,sequence:  .      191        1
read_al_374_> Non-standard residue type,position,sequence:  .      192        1
read_al_374_> Non-standard residue type,position,sequence:  .      193        1
read_al_374_> Non-standard residue type,position,sequence:  .      194        1
read_al_374_> Non-standard residue type,position,sequence:  .      195        1
read_al_374_> Non-standard residue type,position,sequence:  .      196        1
read_al_374_> Non-standard residue type,position,sequence:  .      197        1
read_al_374_> Non-standard residue type,position,sequence:  .      198        1
read_al_374_> Non-standard residue type,position,sequence:  .      199        1
read_al_374_> Non-standard residue type,position,sequence:  .      200        1
read_al_374_> Non-standard residue type,position,sequence:  .      177        2
read_al_374_> Non-standard residue type,position,sequence:  .      178        2
read_al_374_> Non-standard residue type,position,sequence:  .      179        2
read_al_374_> Non-standard residue type,position,sequence:  .      180        2
read_al_374_> Non-standard residue type,position,sequence:  .      181        2
read_al_374_> Non-standard residue type,position,sequence:  .      182        2
read_al_374_> Non-standard residue type,position,sequence:  .      183        2
read_al_374_> Non-standard residue type,position,sequence:  .      184        2
read_al_374_> Non-standard residue type,position,sequence:  .      185        2
read_al_374_> Non-standard residue type,position,sequence:  .      186        2
read_al_374_> Non-standard residue type,position,sequence:  .      187        2
read_al_374_> Non-standard residue type,position,sequence:  .      188        2
read_al_374_> Non-standard residue type,position,sequence:  .      189        2
read_al_374_> Non-standard residue type,position,sequence:  .      190        2
read_al_374_> Non-standard residue type,position,sequence:  .      191        2
read_al_374_> Non-standard residue type,position,sequence:  .      192        2
read_al_374_> Non-standard residue type,position,sequence:  .      193        2
read_al_374_> Non-standard residue type,position,sequence:  .      194        2
read_al_374_> Non-standard residue type,position,sequence:  .      195        2
read_al_374_> Non-standard residue type,position,sequence:  .      196        2
read_al_374_> Non-standard residue type,position,sequence:  .      197        2
read_al_374_> Non-standard residue type,position,sequence:  .      198        2
read_al_374_> Non-standard residue type,position,sequence:  .      199        2
read_al_374_> Non-standard residue type,position,sequence:  .      200        2

Read the alignment from file       : 5nj8_A_alignment.pir

Total number of alignment positions:   200

  #  Code        #_Res #_Segm PDB_code    Name
-------------------------------------------------------------------------------
  1       5nj8     200      3        5nj8
  2      query      84      3       query
openf___224_> Open           ${LIB}/top_heav.lib
read_to_681_> topology.submodel read from topology file:        3
openf___224_> Open           ${LIB}/par.lib

Dynamically allocated memory at  amaxparameters [B,KiB,MiB]:       672633     656.868     0.641

Dynamically allocated memory at  amaxparameters [B,KiB,MiB]:       674233     658.431     0.643

Dynamically allocated memory at  amaxparameters [B,KiB,MiB]:       678213     662.317     0.647

Dynamically allocated memory at  amaxparameters [B,KiB,MiB]:       680213     664.271     0.649

Dynamically allocated memory at  amaxparameters [B,KiB,MiB]:       683213     667.200     0.652

Dynamically allocated memory at  amaxparameters [B,KiB,MiB]:       687713     671.595     0.656

Dynamically allocated memory at  amaxparameters [B,KiB,MiB]:       693285     677.036     0.661

Dynamically allocated memory at  amaxparameters [B,KiB,MiB]:       696085     679.771     0.664

Dynamically allocated memory at  amaxparameters [B,KiB,MiB]:       700285     683.872     0.668

Dynamically allocated memory at  amaxparameters [B,KiB,MiB]:       706585     690.024     0.674

Dynamically allocated memory at  amaxparameters [B,KiB,MiB]:       709357     692.731     0.676

Dynamically allocated memory at  amaxparameters [B,KiB,MiB]:       710757     694.099     0.678
read_pa_232_> parameters    BONDS   ANGLS  DIHEDS IMPROPS    MODE
                              227     561     661     112       0

Dynamically allocated memory at       amaxmodel [B,KiB,MiB]:       720020     703.145     0.687

Dynamically allocated memory at       amaxmodel [B,KiB,MiB]:       769608     751.570     0.734

Dynamically allocated memory at       amaxmodel [B,KiB,MiB]:       777200     758.984     0.741

mkilst______> segment topology constructed from sequence and RTF:
              segments residues  atoms  bonds angles dihedrals impropers:
                     1       60    487    497      0         0       226

Dynamically allocated memory at       amaxmodel [B,KiB,MiB]:       797748     779.051     0.761

patch_______> segment topology patched using RTF:  1 ;  GLY  ;  GLYP
              segments residues  atoms  bonds angles dihedrals impropers:
                     1       60    487    497    672       782       226


Dynamically allocated memory at       amaxmodel [B,KiB,MiB]:       819284     800.082     0.781
patch_______> segment topology patched using RTF:  60 ;  LEU  ;  CTER
              segments residues  atoms  bonds angles dihedrals impropers:
                     1       60    488    498    674       784       227

genseg______> segment topology constructed from sequence and RTF:
              segments residues  atoms  bonds angles dihedrals impropers:
                     1       60    488    498    674       784       227

Dynamically allocated memory at    amaxsequence [B,KiB,MiB]:       819312     800.109     0.781

Dynamically allocated memory at       amaxmodel [B,KiB,MiB]:       821196     801.949     0.783

Dynamically allocated memory at       amaxmodel [B,KiB,MiB]:       823254     803.959     0.785

Dynamically allocated memory at       amaxmodel [B,KiB,MiB]:       825214     805.873     0.787

Dynamically allocated memory at       amaxmodel [B,KiB,MiB]:       827174     807.787     0.789

Dynamically allocated memory at       amaxmodel [B,KiB,MiB]:       829232     809.797     0.791

Dynamically allocated memory at       amaxmodel [B,KiB,MiB]:       831290     811.807     0.793

Dynamically allocated memory at       amaxmodel [B,KiB,MiB]:       833348     813.816     0.795

Dynamically allocated memory at       amaxmodel [B,KiB,MiB]:       835406     815.826     0.797

Dynamically allocated memory at       amaxmodel [B,KiB,MiB]:       837464     817.836     0.799

Dynamically allocated memory at       amaxmodel [B,KiB,MiB]:       839522     819.846     0.801

Dynamically allocated memory at       amaxmodel [B,KiB,MiB]:       841580     821.855     0.803

Dynamically allocated memory at       amaxmodel [B,KiB,MiB]:       843638     823.865     0.805

mkilst______> segment topology constructed from sequence and RTF:
              segments residues  atoms  bonds angles dihedrals impropers:
                     2       72    728    498    674       784       227

genseg______> segment topology constructed from sequence and RTF:
              segments residues  atoms  bonds angles dihedrals impropers:
                     2       72    728    498    674       784       227

Dynamically allocated memory at    amaxsequence [B,KiB,MiB]:       843666     823.893     0.805

Dynamically allocated memory at       amaxmodel [B,KiB,MiB]:       845550     825.732     0.806

Dynamically allocated memory at       amaxmodel [B,KiB,MiB]:       847608     827.742     0.808

Dynamically allocated memory at       amaxmodel [B,KiB,MiB]:       849666     829.752     0.810

Dynamically allocated memory at       amaxmodel [B,KiB,MiB]:       851724     831.762     0.812

Dynamically allocated memory at       amaxmodel [B,KiB,MiB]:       853782     833.771     0.814

Dynamically allocated memory at       amaxmodel [B,KiB,MiB]:       855840     835.781     0.816

Dynamically allocated memory at       amaxmodel [B,KiB,MiB]:       857898     837.791     0.818

Dynamically allocated memory at       amaxmodel [B,KiB,MiB]:       859956     839.801     0.820

Dynamically allocated memory at       amaxmodel [B,KiB,MiB]:       862014     841.811     0.822

Dynamically allocated memory at       amaxmodel [B,KiB,MiB]:       864072     843.820     0.824

Dynamically allocated memory at       amaxmodel [B,KiB,MiB]:       866130     845.830     0.826

Dynamically allocated memory at       amaxmodel [B,KiB,MiB]:       868188     847.840     0.828

Dynamically allocated memory at       amaxmodel [B,KiB,MiB]:       870246     849.850     0.830

mkilst______> segment topology constructed from sequence and RTF:
              segments residues  atoms  bonds angles dihedrals impropers:
                     3       84    972    498    674       784       227

genseg______> segment topology constructed from sequence and RTF:
              segments residues  atoms  bonds angles dihedrals impropers:
                     3       84    972    498    674       784       227
fndatmi_285W> Only      176 residues out of      200 contain atoms of type  CA
              (This is usually caused by non-standard residues, such
              as ligands, or by PDB files with missing atoms.)
transfe_506_> MODEL is an average of all templates.
transfe_511_> Number of templates for coordinate transfer:        1
              After transferring coordinates of the equivalent template atoms,
              there are defined, undefined atoms in MODEL:      883       89
openf___224_> Open           query.ini
wrpdb___568_> Residues, atoms, selected atoms:       84      972      972
make_re_417_> Restraint type to be calculated:  stereo

Dynamically allocated memory at  amaxrestraints [B,KiB,MiB]:       977695     954.780     0.932

Dynamically allocated memory at  amaxrestraints [B,KiB,MiB]:       985887     962.780     0.940

Dynamically allocated memory at  amaxrestraints [B,KiB,MiB]:      1002271     978.780     0.956

Dynamically allocated memory at  amaxrestraints [B,KiB,MiB]:      1035039    1010.780     0.987

Dynamically allocated memory at  amaxrestraints [B,KiB,MiB]:      1067807    1042.780     1.018
r_stere_606_> Stereochemical restraints were constructed from RTF & PRMF.
              Added bond,angle,dihedral,improper restraints  :      498     674     740     226
              Total number of restraints before, now         :        0     2138
make_re_422_> Number of previous, current restraints         :        0     2138
make_re_423_> Number of previous, current selected restraints:        0     2138
make_re_417_> Restraint type to be calculated:  phi-psi_binormal

Dynamically allocated memory at   amaxstructure [B,KiB,MiB]:      1125846    1099.459     1.074
openf___224_> Open           ${MODINSTALL10v3}/modlib/mnch1.bin
openf___224_> Open           ${MODINSTALL10v3}/modlib/mnch1.mdt
errdih__638_> Missing atoms in a dihedral, residue index, residue type:        1      175  PRO
errdih__638_> Missing atoms in a dihedral, residue index, residue type:        1      176  LEU
errdih__638_> Missing atoms in a dihedral, residue index, residue type:        3      176  LEU
errdih__638_> Missing atoms in a dihedral, residue index, residue type:        4      176  LEU
errdih__638_> Missing atoms in a dihedral, residue index, residue type:        5       38  ARG
errdih__638_> Missing atoms in a dihedral, residue index, residue type:        5       55  LYS
errdih__638_> Missing atoms in a dihedral, residue index, residue type:        5       79  ASP
errdih__638_> Missing atoms in a dihedral, residue index, residue type:        5      126  GLU
errdih__638_> Missing atoms in a dihedral, residue index, residue type:        5      144  ASP
errdih__638_> Missing atoms in a dihedral, residue index, residue type:        5      163  GLN
errdih__638_> Missing atoms in a dihedral, residue index, residue type:        5      164  LYS
errdih__638_> Missing atoms in a dihedral, residue index, residue type:        6       38  ARG
errdih__638_> Missing atoms in a dihedral, residue index, residue type:        6       55  LYS
errdih__638_> Missing atoms in a dihedral, residue index, residue type:        6       79  ASP
errdih__638_> Missing atoms in a dihedral, residue index, residue type:        6      126  GLU
errdih__638_> Missing atoms in a dihedral, residue index, residue type:        6      144  ASP
errdih__638_> Missing atoms in a dihedral, residue index, residue type:        6      163  GLN
errdih__638_> Missing atoms in a dihedral, residue index, residue type:        6      164  LYS
errdih__638_> Missing atoms in a dihedral, residue index, residue type:        7       38  ARG
errdih__638_> Missing atoms in a dihedral, residue index, residue type:        7       55  LYS
errdih__638_> Missing atoms in a dihedral, residue index, residue type:        7      126  GLU
errdih__638_> Missing atoms in a dihedral, residue index, residue type:        7      163  GLN
errdih__638_> Missing atoms in a dihedral, residue index, residue type:        7      164  LYS
errdih__638_> Missing atoms in a dihedral, residue index, residue type:        8       38  ARG
errdih__638_> Missing atoms in a dihedral, residue index, residue type:        8       55  LYS
errdih__638_> Missing atoms in a dihedral, residue index, residue type:        8      164  LYS
getdata_643_> Protein accepted:  5nj8
getdata_289_> Proteins (all/accepted):        1        1
make_re_422_> Number of previous, current restraints         :     2138     2196
make_re_423_> Number of previous, current selected restraints:     2138     2196
make_re_417_> Restraint type to be calculated:  omega_dihedral

Dynamically allocated memory at   amaxstructure [B,KiB,MiB]:      1125862    1099.475     1.074
openf___224_> Open           ${MODINSTALL10v3}/modlib/omega.bin
openf___224_> Open           ${MODINSTALL10v3}/modlib/omega.mdt
getdata_643_> Protein accepted:  5nj8
getdata_289_> Proteins (all/accepted):        1        1
omgdel__425_> Unselected all O C +N +CA dihedrals:       60
              (This is to avoid clashes between STEREO
              and OMEGA_DIHEDRAL restraints)
make_re_422_> Number of previous, current restraints         :     2196     2255
make_re_423_> Number of previous, current selected restraints:     2196     2195
make_re_417_> Restraint type to be calculated:  chi1_dihedral

Dynamically allocated memory at   amaxstructure [B,KiB,MiB]:      1125862    1099.475     1.074
openf___224_> Open           ${MODINSTALL10v3}/modlib/chi1234.bin
openf___224_> Open           ${MODINSTALL10v3}/modlib/chi1.mdt
getdata_643_> Protein accepted:  5nj8
getdata_289_> Proteins (all/accepted):        1        1
make_re_422_> Number of previous, current restraints         :     2255     2310
make_re_423_> Number of previous, current selected restraints:     2195     2250
make_re_417_> Restraint type to be calculated:  chi2_dihedral

Dynamically allocated memory at   amaxstructure [B,KiB,MiB]:      1125862    1099.475     1.074
openf___224_> Open           ${MODINSTALL10v3}/modlib/chi1234.bin
openf___224_> Open           ${MODINSTALL10v3}/modlib/chi2.mdt
getdata_643_> Protein accepted:  5nj8
getdata_289_> Proteins (all/accepted):        1        1

Dynamically allocated memory at  amaxrestraints [B,KiB,MiB]:      1191398    1163.475     1.136

Dynamically allocated memory at  amaxrestraints [B,KiB,MiB]:      1224166    1195.475     1.167
make_re_422_> Number of previous, current restraints         :     2310     2351
make_re_423_> Number of previous, current selected restraints:     2250     2291
make_re_417_> Restraint type to be calculated:  chi3_dihedral

Dynamically allocated memory at   amaxstructure [B,KiB,MiB]:      1224166    1195.475     1.167
openf___224_> Open           ${MODINSTALL10v3}/modlib/chi1234.bin
openf___224_> Open           ${MODINSTALL10v3}/modlib/chi3.mdt
getdata_643_> Protein accepted:  5nj8
getdata_289_> Proteins (all/accepted):        1        1
make_re_422_> Number of previous, current restraints         :     2351     2366
make_re_423_> Number of previous, current selected restraints:     2291     2306
make_re_417_> Restraint type to be calculated:  chi4_dihedral

Dynamically allocated memory at   amaxstructure [B,KiB,MiB]:      1224166    1195.475     1.167
openf___224_> Open           ${MODINSTALL10v3}/modlib/chi1234.bin
openf___224_> Open           ${MODINSTALL10v3}/modlib/chi4.mdt
mdtrsr__446W> A potential that relies on one protein is used, yet you have at
              least one known structure available. MDT, not library, potential is used.
getdata_643_> Protein accepted:  5nj8
getdata_289_> Proteins (all/accepted):        1        1
make_re_422_> Number of previous, current restraints         :     2366     2369
make_re_423_> Number of previous, current selected restraints:     2306     2309
make_re_417_> Restraint type to be calculated:  DISTANCE

Dynamically allocated memory at amaxhash_contac [B,KiB,MiB]:      1504066    1468.814     1.434
iup2crm_280W> No topology library in memory or assigning a BLK residue.
              Default CHARMM atom type assigned:  C5' -->  CT2
              This message is written only for the first such atom.

Dynamically allocated memory at  amaxrestraints [B,KiB,MiB]:      1536834    1500.814     1.466
make_re_422_> Number of previous, current restraints         :     2369     3081
make_re_423_> Number of previous, current selected restraints:     2309     3021
make_re_417_> Restraint type to be calculated:  DISTANCE
make_re_422_> Number of previous, current restraints         :     3081     3921
make_re_423_> Number of previous, current selected restraints:     3021     3861
make_re_417_> Restraint type to be calculated:  DISTANCE

Dynamically allocated memory at  amaxrestraints [B,KiB,MiB]:      1602370    1564.814     1.528
make_re_422_> Number of previous, current restraints         :     3921     4625
make_re_423_> Number of previous, current selected restraints:     3861     4565
make_re_417_> Restraint type to be calculated:  DISTANCE

Dynamically allocated memory at  amaxrestraints [B,KiB,MiB]:      1733442    1692.814     1.653
make_re_422_> Number of previous, current restraints         :     4625     4756
make_re_423_> Number of previous, current selected restraints:     4565     4696
484 atoms in HETATM/BLK residues constrained
to protein atoms within 2.30 angstroms
and protein CA atoms within 10.00 angstroms
make_re_417_> Restraint type to be calculated:  DISTANCE
make_re_422_> Number of previous, current restraints         :     4756     4756
make_re_423_> Number of previous, current selected restraints:     4696     4696
make_re_417_> Restraint type to be calculated:  DISTANCE
make_re_422_> Number of previous, current restraints         :     4756     4756
make_re_423_> Number of previous, current selected restraints:     4696     4696
make_re_417_> Restraint type to be calculated:  DISTANCE

Dynamically allocated memory at  amaxrestraints [B,KiB,MiB]:      1733594    1692.963     1.653

Dynamically allocated memory at  amaxrestraints [B,KiB,MiB]:      1733674    1693.041     1.653
make_re_422_> Number of previous, current restraints         :     4756     4778
make_re_423_> Number of previous, current selected restraints:     4696     4718
make_re_417_> Restraint type to be calculated:  DISTANCE

Dynamically allocated memory at  amaxrestraints [B,KiB,MiB]:      1799210    1757.041     1.716

Dynamically allocated memory at  amaxrestraints [B,KiB,MiB]:      1864746    1821.041     1.778

Dynamically allocated memory at  amaxrestraints [B,KiB,MiB]:      1995818    1949.041     1.903

Dynamically allocated memory at  amaxrestraints [B,KiB,MiB]:      2257962    2205.041     2.153
make_re_422_> Number of previous, current restraints         :     4778    12336
make_re_423_> Number of previous, current selected restraints:     4718    12276
484 atoms in residues without defined topology
constrained to be rigid bodies
make_re_417_> Restraint type to be calculated:  DISTANCE

Dynamically allocated memory at  amaxrestraints [B,KiB,MiB]:      2389034    2333.041     2.278

Dynamically allocated memory at  amaxrestraints [B,KiB,MiB]:      2520106    2461.041     2.403

Dynamically allocated memory at  amaxrestraints [B,KiB,MiB]:      2782250    2717.041     2.653

Dynamically allocated memory at  amaxrestraints [B,KiB,MiB]:      3306538    3229.041     3.153
make_re_422_> Number of previous, current restraints         :    12336    21566
make_re_423_> Number of previous, current selected restraints:    12276    21506
rmdupl__427_>      357 redundant cosine dihedral restraints were unselected.
condens_443_> Restraints marked for deletion were removed.
              Total number of restraints before, now:    21566    21149
openf___224_> Open           query.rsr
openf___224_> Open           query.rsr

Dynamically allocated memory at  amaxrestraints [B,KiB,MiB]:      3501966    3419.889     3.340
rdcsr2__307_> Number of restraints read    :    21149
              Number of excluded pairs read:       22
              Number of pseudo atoms read  :        0
rdcsrs__304_> Restraints in memory, selected restraints:    21149    21149
              Explicitly excluded atom pairs in memory :       22
              Pseudo atoms in memory                   :        0
openf___224_> Open           query.ini

Dynamically allocated memory at       amaxmodel [B,KiB,MiB]:      3501998    3419.920     3.340
read_mo_297_> Segments, residues, atoms:        3       84      972
read_mo_298_> Segment:        1  1:A  60:A      488
read_mo_298_> Segment:        2  61:B  72:B      240
read_mo_298_> Segment:        3  73:C  84:C      244
randomi_498_> Atoms,selected atoms,random_seed,amplitude:      972      488        1        4.0000
randomi_496_> Amplitude is > 0; randomization is done.
pick_re_612_> Number of MODEL atoms, selected restraints;      972    17825
pick_re_612_> Number of MODEL atoms, selected restraints;      972    18317
pick_re_612_> Number of MODEL atoms, selected restraints;      972    18680
pick_re_612_> Number of MODEL atoms, selected restraints;      972    19254
pick_re_612_> Number of MODEL atoms, selected restraints;      972    20524
pick_re_612_> Number of MODEL atoms, selected restraints;      972    21045

Dynamically allocated memory at  amaxrestraints [B,KiB,MiB]:      3817898    3728.416     3.641
pick_re_612_> Number of MODEL atoms, selected restraints;      972    21149
pick_re_612_> Number of MODEL atoms, selected restraints;      972    21149
pick_re_612_> Number of MODEL atoms, selected restraints;      972    21149
iupac_m_485_> OD1/2 will be swapped:      129.4702       52  52
openf___224_> Open           ${LIB}/atmcls-mf.lib

Dynamically allocated memory at amaxgroup_restr [B,KiB,MiB]:      3818326    3728.834     3.641

Dynamically allocated memory at amaxgroup_restr [B,KiB,MiB]:      3818390    3728.896     3.642

Dynamically allocated memory at amaxgroup_restr [B,KiB,MiB]:      3818448    3728.953     3.642

Dynamically allocated memory at amaxgroup_restr [B,KiB,MiB]:      3818512    3729.016     3.642

Dynamically allocated memory at amaxgroup_restr [B,KiB,MiB]:      3818578    3729.080     3.642

Dynamically allocated memory at amaxgroup_restr [B,KiB,MiB]:      3818642    3729.143     3.642

Dynamically allocated memory at amaxgroup_restr [B,KiB,MiB]:      3818798    3729.295     3.642

Dynamically allocated memory at amaxgroup_restr [B,KiB,MiB]:      3818926    3729.420     3.642

Dynamically allocated memory at amaxgroup_restr [B,KiB,MiB]:      3819220    3729.707     3.642

Dynamically allocated memory at amaxgroup_restr [B,KiB,MiB]:      3819412    3729.895     3.642

Dynamically allocated memory at amaxgroup_restr [B,KiB,MiB]:      3819916    3730.387     3.643

Dynamically allocated memory at amaxgroup_restr [B,KiB,MiB]:      3820172    3730.637     3.643

Dynamically allocated memory at amaxgroup_restr [B,KiB,MiB]:      3821168    3731.609     3.644

Dynamically allocated memory at amaxgroup_restr [B,KiB,MiB]:      3821552    3731.984     3.645

Dynamically allocated memory at amaxgroup_restr [B,KiB,MiB]:      3822128    3732.547     3.645

Dynamically allocated memory at amaxgroup_restr [B,KiB,MiB]:      3824162    3734.533     3.647

Dynamically allocated memory at amaxgroup_restr [B,KiB,MiB]:      3825058    3735.408     3.648

Dynamically allocated memory at amaxgroup_restr [B,KiB,MiB]:      3829510    3739.756     3.652

Dynamically allocated memory at amaxgroup_restr [B,KiB,MiB]:      3830854    3741.068     3.653

Dynamically allocated memory at amaxgroup_restr [B,KiB,MiB]:      3840472    3750.461     3.663

Dynamically allocated memory at amaxgroup_restr [B,KiB,MiB]:      3842456    3752.398     3.664

Dynamically allocated memory at amaxgroup_restr [B,KiB,MiB]:      3863102    3772.561     3.684

Dynamically allocated memory at amaxgroup_restr [B,KiB,MiB]:      3866110    3775.498     3.687

Dynamically allocated memory at amaxgroup_restr [B,KiB,MiB]:      3912076    3820.387     3.731

Dynamically allocated memory at amaxgroup_restr [B,KiB,MiB]:      3916556    3824.762     3.735

Dynamically allocated memory at amaxgroup_restr [B,KiB,MiB]:      4017776    3923.609     3.832
openf___224_> Open           ${LIB}/dist-mf.lib

Dynamically allocated memory at amaxgroup_restr [B,KiB,MiB]:      4018172    3923.996     3.832

Dynamically allocated memory at amaxgroup_restr [B,KiB,MiB]:      4018968    3924.773     3.833

Dynamically allocated memory at amaxgroup_restr [B,KiB,MiB]:      4019764    3925.551     3.834

Dynamically allocated memory at amaxgroup_restr [B,KiB,MiB]:      4020952    3926.711     3.835

Dynamically allocated memory at amaxgroup_restr [B,KiB,MiB]:      4021352    3927.102     3.835

Dynamically allocated memory at amaxgroup_restr [B,KiB,MiB]:      4021952    3927.688     3.836

Dynamically allocated memory at amaxgroup_restr [B,KiB,MiB]:      4022852    3928.566     3.836

Dynamically allocated memory at amaxgroup_restr [B,KiB,MiB]:      4024200    3929.883     3.838

Dynamically allocated memory at amaxgroup_restr [B,KiB,MiB]:      4024400    3930.078     3.838

Dynamically allocated memory at amaxgroup_restr [B,KiB,MiB]:      4026424    3932.055     3.840

Dynamically allocated memory at amaxgroup_restr [B,KiB,MiB]:      4026724    3932.348     3.840

Dynamically allocated memory at amaxgroup_restr [B,KiB,MiB]:      4029760    3935.312     3.843

Dynamically allocated memory at amaxgroup_restr [B,KiB,MiB]:      4030208    3935.750     3.844

Dynamically allocated memory at amaxgroup_restr [B,KiB,MiB]:      4034760    3940.195     3.848

Dynamically allocated memory at amaxgroup_restr [B,KiB,MiB]:      4035432    3940.852     3.848

Dynamically allocated memory at amaxgroup_restr [B,KiB,MiB]:      4042260    3947.520     3.855

Dynamically allocated memory at amaxgroup_restr [B,KiB,MiB]:      4043268    3948.504     3.856

Dynamically allocated memory at amaxgroup_restr [B,KiB,MiB]:      4053512    3958.508     3.866

Dynamically allocated memory at amaxgroup_restr [B,KiB,MiB]:      4054112    3959.094     3.866

Dynamically allocated memory at amaxgroup_restr [B,KiB,MiB]:      4054512    3959.484     3.867

Dynamically allocated memory at amaxgroup_restr [B,KiB,MiB]:      4056024    3960.961     3.868

Dynamically allocated memory at amaxgroup_restr [B,KiB,MiB]:      4071388    3975.965     3.883

Dynamically allocated memory at amaxgroup_restr [B,KiB,MiB]:      4072288    3976.844     3.884

Dynamically allocated memory at amaxgroup_restr [B,KiB,MiB]:      4072888    3977.430     3.884

Dynamically allocated memory at amaxgroup_restr [B,KiB,MiB]:      4075156    3979.645     3.886

Dynamically allocated memory at amaxgroup_restr [B,KiB,MiB]:      4098204    4002.152     3.908

Dynamically allocated memory at amaxgroup_restr [B,KiB,MiB]:      4099548    4003.465     3.910

Dynamically allocated memory at amaxgroup_restr [B,KiB,MiB]:      4100448    4004.344     3.910

Dynamically allocated memory at amaxgroup_restr [B,KiB,MiB]:      4103852    4007.668     3.914

Dynamically allocated memory at amaxgroup_restr [B,KiB,MiB]:      4138424    4041.430     3.947

Dynamically allocated memory at amaxgroup_restr [B,KiB,MiB]:      4140440    4043.398     3.949

Dynamically allocated memory at amaxgroup_restr [B,KiB,MiB]:      4141788    4044.715     3.950

Dynamically allocated memory at amaxgroup_restr [B,KiB,MiB]:      4146892    4049.699     3.955

Dynamically allocated memory at amaxgroup_restr [B,KiB,MiB]:      4198748    4100.340     4.004

Dynamically allocated memory at amaxgroup_restr [B,KiB,MiB]:      4201772    4103.293     4.007

Dynamically allocated memory at amaxgroup_restr [B,KiB,MiB]:      4203796    4105.270     4.009

Dynamically allocated memory at amaxgroup_restr [B,KiB,MiB]:      4211452    4112.746     4.016

Dynamically allocated memory at amaxgroup_restr [B,KiB,MiB]:      4289236    4188.707     4.091

Dynamically allocated memory at amaxgroup_restr [B,KiB,MiB]:      4293772    4193.137     4.095

Dynamically allocated memory at amaxgroup_restr [B,KiB,MiB]:      4296808    4196.102     4.098

Dynamically allocated memory at amaxgroup_restr [B,KiB,MiB]:      4308292    4207.316     4.109

Dynamically allocated memory at amaxgroup_restr [B,KiB,MiB]:      4424968    4321.258     4.220

Dynamically allocated memory at amaxgroup_restr [B,KiB,MiB]:      4431772    4327.902     4.226

Dynamically allocated memory at amaxgroup_restr [B,KiB,MiB]:      4436324    4332.348     4.231

Dynamically allocated memory at amaxgroup_restr [B,KiB,MiB]:      4453552    4349.172     4.247

Dynamically allocated memory at amaxgroup_restr [B,KiB,MiB]:      4628568    4520.086     4.414

Dynamically allocated memory at amaxgroup_restr [B,KiB,MiB]:      4638780    4530.059     4.424

Dynamically allocated memory at amaxgroup_restr [B,KiB,MiB]:      4645608    4536.727     4.430

Dynamically allocated memory at amaxgroup_restr [B,KiB,MiB]:      4671448    4561.961     4.455

Dynamically allocated memory at amaxgroup_restr [B,KiB,MiB]:      4933972    4818.332     4.705

Dynamically allocated memory at amaxgroup_restr [B,KiB,MiB]:      4949284    4833.285     4.720

Dynamically allocated memory at amaxgroup_restr [B,KiB,MiB]:      4959528    4843.289     4.730

Dynamically allocated memory at amaxgroup_restr [B,KiB,MiB]:      4998288    4881.141     4.767

Dynamically allocated memory at amaxgroup_restr [B,KiB,MiB]:      5392072    5265.695     5.142

Dynamically allocated memory at amaxgroup_restr [B,KiB,MiB]:      5415040    5288.125     5.164

Dynamically allocated memory at amaxgroup_restr [B,KiB,MiB]:      5430404    5303.129     5.179

Dynamically allocated memory at amaxgroup_restr [B,KiB,MiB]:      5488544    5359.906     5.234

Dynamically allocated memory at amaxgroup_restr [B,KiB,MiB]:      6079220    5936.738     5.798

Dynamically allocated memory at amaxgroup_restr [B,KiB,MiB]:      6113672    5970.383     5.830

Dynamically allocated memory at amaxgroup_restr [B,KiB,MiB]:      6136720    5992.891     5.852

Dynamically allocated memory at amaxgroup_restr [B,KiB,MiB]:      6223932    6078.059     5.936

Dynamically allocated memory at amaxgroup_restr [B,KiB,MiB]:      7109948    6943.309     6.781

Dynamically allocated memory at amaxgroup_restr [B,KiB,MiB]:      7161632    6993.781     6.830

Dynamically allocated memory at amaxgroup_restr [B,KiB,MiB]:      7196204    7027.543     6.863

Dynamically allocated memory at amaxgroup_restr [B,KiB,MiB]:      7327020    7155.293     6.988

Dynamically allocated memory at amaxgroup_restr [B,KiB,MiB]:      8656044    8453.168     8.255
read_pa_232_> parameters    BONDS   ANGLS  DIHEDS IMPROPS    MODE
                                0       0       0       0   12561
>> Model assessment by DOPE potential
iatmcls_286W> MODEL atom not classified:  LEU:OXT  LEU

Dynamically allocated memory at  amaxrestraints [B,KiB,MiB]:      8972144    8761.859     8.557

Dynamically allocated memory at  amaxrestraints [B,KiB,MiB]:      9018800    8807.422     8.601

Dynamically allocated memory at  amaxrestraints [B,KiB,MiB]:      9112112    8898.547     8.690

Dynamically allocated memory at  amaxrestraints [B,KiB,MiB]:      9298736    9080.797     8.868

Dynamically allocated memory at  amaxrestraints [B,KiB,MiB]:      9671984    9445.297     9.224

Dynamically allocated memory at  amaxrestraints [B,KiB,MiB]:     10418480   10174.297     9.936


>> ENERGY; Differences between the model's features and restraints:
Number of all residues in MODEL                   :       84
Number of all, selected real atoms                :      972     972
Number of all, selected pseudo atoms              :        0       0
Number of all static, selected restraints         :    21149   21149
COVALENT_CYS                                      :        F
NONBONDED_SEL_ATOMS                               :        1
Number of non-bonded pairs (excluding 1-2,1-3,1-4):   104643
Dynamic pairs routine                             : 1, NATM x NATM double loop
Atomic shift for contacts update (UPDATE_DYNAMIC) :    0.390
LENNARD_JONES_SWITCH                              :    6.500   7.500
COULOMB_JONES_SWITCH                              :    6.500   7.500
RESIDUE_SPAN_RANGE                                :        1    9999
NLOGN_USE                                         :       15
CONTACT_SHELL                                     :   15.000
DYNAMIC_PAIRS,_SPHERE,_COULOMB,_LENNARD,_MODELLER :        T       F       F       F       T
SPHERE_STDV                                       :    0.050
RADII_FACTOR                                      :    0.820
Current energy                                    :       -5225.9136




<< end of ENERGY.
DOPE score               : -5225.913574
>> Model assessment by GA341 potential

Surface library          : /soft/system/software/Modeller/10.3/modlib/surf5.de
Pair library             : /soft/system/software/Modeller/10.3/modlib/pair9.de
Chain identifier         : _
% sequence identity      :    53.570999
Sequence length          :           60
Compactness              :     0.303906
Native energy (pair)     :   -35.592712
Native energy (surface)  :     1.462513
Native energy (combined) :    -1.634584
Z score (pair)           :    -4.401856
Z score (surface)        :    -3.215613
Z score (combined)       :    -5.098988
GA341 score              :     1.000000

openf___224_> Open           ${LIB}/atmcls-mf.lib

Dynamically allocated memory at amaxgroup_restr [B,KiB,MiB]:     10126136    9888.805     9.657

Dynamically allocated memory at amaxgroup_restr [B,KiB,MiB]:     10126200    9888.867     9.657

Dynamically allocated memory at amaxgroup_restr [B,KiB,MiB]:     10126258    9888.924     9.657

Dynamically allocated memory at amaxgroup_restr [B,KiB,MiB]:     10126322    9888.986     9.657

Dynamically allocated memory at amaxgroup_restr [B,KiB,MiB]:     10126388    9889.051     9.657

Dynamically allocated memory at amaxgroup_restr [B,KiB,MiB]:     10126452    9889.113     9.657

Dynamically allocated memory at amaxgroup_restr [B,KiB,MiB]:     10126608    9889.266     9.657

Dynamically allocated memory at amaxgroup_restr [B,KiB,MiB]:     10126736    9889.391     9.658

Dynamically allocated memory at amaxgroup_restr [B,KiB,MiB]:     10127030    9889.678     9.658

Dynamically allocated memory at amaxgroup_restr [B,KiB,MiB]:     10127222    9889.865     9.658

Dynamically allocated memory at amaxgroup_restr [B,KiB,MiB]:     10127726    9890.357     9.659

Dynamically allocated memory at amaxgroup_restr [B,KiB,MiB]:     10127982    9890.607     9.659

Dynamically allocated memory at amaxgroup_restr [B,KiB,MiB]:     10128978    9891.580     9.660

Dynamically allocated memory at amaxgroup_restr [B,KiB,MiB]:     10129362    9891.955     9.660

Dynamically allocated memory at amaxgroup_restr [B,KiB,MiB]:     10129938    9892.518     9.661

Dynamically allocated memory at amaxgroup_restr [B,KiB,MiB]:     10131972    9894.504     9.663

Dynamically allocated memory at amaxgroup_restr [B,KiB,MiB]:     10132868    9895.379     9.663

Dynamically allocated memory at amaxgroup_restr [B,KiB,MiB]:     10137320    9899.727     9.668

Dynamically allocated memory at amaxgroup_restr [B,KiB,MiB]:     10138664    9901.039     9.669

Dynamically allocated memory at amaxgroup_restr [B,KiB,MiB]:     10148282    9910.432     9.678

Dynamically allocated memory at amaxgroup_restr [B,KiB,MiB]:     10150266    9912.369     9.680

Dynamically allocated memory at amaxgroup_restr [B,KiB,MiB]:     10170912    9932.531     9.700

Dynamically allocated memory at amaxgroup_restr [B,KiB,MiB]:     10173920    9935.469     9.703

Dynamically allocated memory at amaxgroup_restr [B,KiB,MiB]:     10219886    9980.357     9.746

Dynamically allocated memory at amaxgroup_restr [B,KiB,MiB]:     10224366    9984.732     9.751

Dynamically allocated memory at amaxgroup_restr [B,KiB,MiB]:     10325586   10083.580     9.847
openf___224_> Open           ${LIB}/dist-mfhr.lib

Dynamically allocated memory at amaxgroup_restr [B,KiB,MiB]:     10325982   10083.967     9.848

Dynamically allocated memory at amaxgroup_restr [B,KiB,MiB]:     10326778   10084.744     9.848

Dynamically allocated memory at amaxgroup_restr [B,KiB,MiB]:     10327574   10085.521     9.849

Dynamically allocated memory at amaxgroup_restr [B,KiB,MiB]:     10327974   10085.912     9.850

Dynamically allocated memory at amaxgroup_restr [B,KiB,MiB]:     10329162   10087.072     9.851

Dynamically allocated memory at amaxgroup_restr [B,KiB,MiB]:     10329762   10087.658     9.851

Dynamically allocated memory at amaxgroup_restr [B,KiB,MiB]:     10330662   10088.537     9.852

Dynamically allocated memory at amaxgroup_restr [B,KiB,MiB]:     10332010   10089.854     9.853

Dynamically allocated memory at amaxgroup_restr [B,KiB,MiB]:     10334034   10091.830     9.855

Dynamically allocated memory at amaxgroup_restr [B,KiB,MiB]:     10337070   10094.795     9.858

Dynamically allocated memory at amaxgroup_restr [B,KiB,MiB]:     10341622   10099.240     9.863

Dynamically allocated memory at amaxgroup_restr [B,KiB,MiB]:     10348450   10105.908     9.869

Dynamically allocated memory at amaxgroup_restr [B,KiB,MiB]:     10348650   10106.104     9.869

Dynamically allocated memory at amaxgroup_restr [B,KiB,MiB]:     10358894   10116.107     9.879

Dynamically allocated memory at amaxgroup_restr [B,KiB,MiB]:     10359194   10116.400     9.879

Dynamically allocated memory at amaxgroup_restr [B,KiB,MiB]:     10374558   10131.404     9.894

Dynamically allocated memory at amaxgroup_restr [B,KiB,MiB]:     10375006   10131.842     9.894

Dynamically allocated memory at amaxgroup_restr [B,KiB,MiB]:     10398054   10154.350     9.916

Dynamically allocated memory at amaxgroup_restr [B,KiB,MiB]:     10398726   10155.006     9.917

Dynamically allocated memory at amaxgroup_restr [B,KiB,MiB]:     10433298   10188.768     9.950

Dynamically allocated memory at amaxgroup_restr [B,KiB,MiB]:     10434306   10189.752     9.951

Dynamically allocated memory at amaxgroup_restr [B,KiB,MiB]:     10434906   10190.338     9.952

Dynamically allocated memory at amaxgroup_restr [B,KiB,MiB]:     10435306   10190.729     9.952

Dynamically allocated memory at amaxgroup_restr [B,KiB,MiB]:     10487162   10241.369    10.001

Dynamically allocated memory at amaxgroup_restr [B,KiB,MiB]:     10488674   10242.846    10.003

Dynamically allocated memory at amaxgroup_restr [B,KiB,MiB]:     10489574   10243.725    10.004

Dynamically allocated memory at amaxgroup_restr [B,KiB,MiB]:     10490174   10244.311    10.004

Dynamically allocated memory at amaxgroup_restr [B,KiB,MiB]:     10567958   10320.271    10.078

Dynamically allocated memory at amaxgroup_restr [B,KiB,MiB]:     10570226   10322.486    10.081

Dynamically allocated memory at amaxgroup_restr [B,KiB,MiB]:     10571570   10323.799    10.082

Dynamically allocated memory at amaxgroup_restr [B,KiB,MiB]:     10572470   10324.678    10.083

Dynamically allocated memory at amaxgroup_restr [B,KiB,MiB]:     10689146   10438.619    10.194

Dynamically allocated memory at amaxgroup_restr [B,KiB,MiB]:     10692550   10441.943    10.197

Dynamically allocated memory at amaxgroup_restr [B,KiB,MiB]:     10694566   10443.912    10.199

Dynamically allocated memory at amaxgroup_restr [B,KiB,MiB]:     10695914   10445.229    10.200

Dynamically allocated memory at amaxgroup_restr [B,KiB,MiB]:     10870930   10616.143    10.367

Dynamically allocated memory at amaxgroup_restr [B,KiB,MiB]:     10876034   10621.127    10.372

Dynamically allocated memory at amaxgroup_restr [B,KiB,MiB]:     10879058   10624.080    10.375

Dynamically allocated memory at amaxgroup_restr [B,KiB,MiB]:     10881082   10626.057    10.377

Dynamically allocated memory at amaxgroup_restr [B,KiB,MiB]:     11143606   10882.428    10.627

Dynamically allocated memory at amaxgroup_restr [B,KiB,MiB]:     11151262   10889.904    10.635

Dynamically allocated memory at amaxgroup_restr [B,KiB,MiB]:     11155798   10894.334    10.639

Dynamically allocated memory at amaxgroup_restr [B,KiB,MiB]:     11158834   10897.299    10.642

Dynamically allocated memory at amaxgroup_restr [B,KiB,MiB]:     11552618   11281.854    11.017

Dynamically allocated memory at amaxgroup_restr [B,KiB,MiB]:     11564102   11293.068    11.028

Dynamically allocated memory at amaxgroup_restr [B,KiB,MiB]:     11570906   11299.713    11.035

Dynamically allocated memory at amaxgroup_restr [B,KiB,MiB]:     11575458   11304.158    11.039

Dynamically allocated memory at amaxgroup_restr [B,KiB,MiB]:     12166134   11880.990    11.603

Dynamically allocated memory at amaxgroup_restr [B,KiB,MiB]:     12183362   11897.814    11.619

Dynamically allocated memory at amaxgroup_restr [B,KiB,MiB]:     12193574   11907.787    11.629

Dynamically allocated memory at amaxgroup_restr [B,KiB,MiB]:     12200402   11914.455    11.635

Dynamically allocated memory at amaxgroup_restr [B,KiB,MiB]:     13086418   12779.705    12.480

Dynamically allocated memory at amaxgroup_restr [B,KiB,MiB]:     13112258   12804.939    12.505

Dynamically allocated memory at amaxgroup_restr [B,KiB,MiB]:     13127570   12819.893    12.519

Dynamically allocated memory at amaxgroup_restr [B,KiB,MiB]:     13137814   12829.896    12.529

Dynamically allocated memory at amaxgroup_restr [B,KiB,MiB]:     14466838   14127.771    13.797

Dynamically allocated memory at amaxgroup_restr [B,KiB,MiB]:     14505598   14165.623    13.834

Dynamically allocated memory at amaxgroup_restr [B,KiB,MiB]:     14528566   14188.053    13.856

Dynamically allocated memory at amaxgroup_restr [B,KiB,MiB]:     14543930   14203.057    13.870

Dynamically allocated memory at amaxgroup_restr [B,KiB,MiB]:     16537466   16149.869    15.771

Dynamically allocated memory at amaxgroup_restr [B,KiB,MiB]:     16595606   16206.646    15.827

Dynamically allocated memory at amaxgroup_restr [B,KiB,MiB]:     16630058   16240.291    15.860

Dynamically allocated memory at amaxgroup_restr [B,KiB,MiB]:     16653106   16262.799    15.882

Dynamically allocated memory at amaxgroup_restr [B,KiB,MiB]:     19643410   19183.018    18.733

Dynamically allocated memory at amaxgroup_restr [B,KiB,MiB]:     19730622   19268.186    18.817

Dynamically allocated memory at amaxgroup_restr [B,KiB,MiB]:     19782306   19318.658    18.866

Dynamically allocated memory at amaxgroup_restr [B,KiB,MiB]:     19816878   19352.420    18.899

Dynamically allocated memory at amaxgroup_restr [B,KiB,MiB]:     24302334   23732.748    23.177

Dynamically allocated memory at amaxgroup_restr [B,KiB,MiB]:     24433150   23860.498    23.301
read_pa_232_> parameters    BONDS   ANGLS  DIHEDS IMPROPS    MODE
                                0       0       0       0   12561
>> Model assessment by DOPE-HR potential
iatmcls_286W> MODEL atom not classified:  LEU:OXT  LEU


>> ENERGY; Differences between the model's features and restraints:
Number of all residues in MODEL                   :       84
Number of all, selected real atoms                :      972     972
Number of all, selected pseudo atoms              :        0       0
Number of all static, selected restraints         :    21149   21149
COVALENT_CYS                                      :        F
NONBONDED_SEL_ATOMS                               :        1
Number of non-bonded pairs (excluding 1-2,1-3,1-4):   104643
Dynamic pairs routine                             : 1, NATM x NATM double loop
Atomic shift for contacts update (UPDATE_DYNAMIC) :    0.390
LENNARD_JONES_SWITCH                              :    6.500   7.500
COULOMB_JONES_SWITCH                              :    6.500   7.500
RESIDUE_SPAN_RANGE                                :        1    9999
NLOGN_USE                                         :       15
CONTACT_SHELL                                     :   15.000
DYNAMIC_PAIRS,_SPHERE,_COULOMB,_LENNARD,_MODELLER :        T       F       F       F       T
SPHERE_STDV                                       :    0.050
RADII_FACTOR                                      :    0.820
Current energy                                    :       -4496.8994




<< end of ENERGY.
DOPE-HR score               : -4496.899414


>> ENERGY; Differences between the model's features and restraints:
Number of all residues in MODEL                   :       84
Number of all, selected real atoms                :      972     972
Number of all, selected pseudo atoms              :        0       0
Number of all static, selected restraints         :    21149   21149
COVALENT_CYS                                      :        F
NONBONDED_SEL_ATOMS                               :        1
Number of non-bonded pairs (excluding 1-2,1-3,1-4):     2129
Dynamic pairs routine                             : 2, NATM x NATM cell sorting
Atomic shift for contacts update (UPDATE_DYNAMIC) :    0.390
LENNARD_JONES_SWITCH                              :    6.500   7.500
COULOMB_JONES_SWITCH                              :    6.500   7.500
RESIDUE_SPAN_RANGE                                :        0   99999
NLOGN_USE                                         :       15
CONTACT_SHELL                                     :    4.000
DYNAMIC_PAIRS,_SPHERE,_COULOMB,_LENNARD,_MODELLER :        T       T       F       F       F
SPHERE_STDV                                       :    0.050
RADII_FACTOR                                      :    0.820
Current energy                                    :         695.2368





Summary of the restraint violations: 

   NUM     ... number of restraints.
   NUMVI   ... number of restraints with RVIOL > VIOL_REPORT_CUT[i].
   RVIOL   ... relative difference from the best value.
   NUMVP   ... number of restraints with -Ln(pdf) > VIOL_REPORT_CUT2[i].
   RMS_1   ... RMS(feature, minimally_violated_basis_restraint, NUMB).
   RMS_2   ... RMS(feature, best_value, NUMB).
   MOL.PDF ... scaled contribution to -Ln(Molecular pdf).

 #                     RESTRAINT_GROUP      NUM   NUMVI  NUMVP   RMS_1   RMS_2         MOL.PDF     S_i
------------------------------------------------------------------------------------------------------
 1 Bond length potential              :     498       0      0   0.005   0.005      3.4041       1.000
 2 Bond angle potential               :     674       0      3   1.913   1.913      49.470       1.000
 3 Stereochemical cosine torsion poten:     323       0      7  45.266  45.266      105.33       1.000
 4 Stereochemical improper torsion pot:     226       0      0   1.231   1.231      7.7545       1.000
 5 Soft-sphere overlap restraints     :    2129       1     16   0.024   0.024      150.32       1.000
 6 Lennard-Jones 6-12 potential       :       0       0      0   0.000   0.000      0.0000       1.000
 7 Coulomb point-point electrostatic p:       0       0      0   0.000   0.000      0.0000       1.000
 8 H-bonding potential                :       0       0      0   0.000   0.000      0.0000       1.000
 9 Distance restraints 1 (CA-CA)      :     712       0      0   0.124   0.124      13.593       1.000
10 Distance restraints 2 (N-O)        :     840       2      7   0.275   0.275      74.202       1.000
11 Mainchain Phi dihedral restraints  :       0       0      0   0.000   0.000      0.0000       1.000
12 Mainchain Psi dihedral restraints  :       0       0      0   0.000   0.000      0.0000       1.000
13 Mainchain Omega dihedral restraints:      59       0      1   4.404   4.404      13.492       1.000
14 Sidechain Chi_1 dihedral restraints:      55       0      0  73.463  73.463      14.924       1.000
15 Sidechain Chi_2 dihedral restraints:      41       0      0  76.831  76.831      17.961       1.000
16 Sidechain Chi_3 dihedral restraints:      15       0      0  90.893  90.893      11.798       1.000
17 Sidechain Chi_4 dihedral restraints:       3       0      0  84.148  84.148      2.0408       1.000
18 Disulfide distance restraints      :       0       0      0   0.000   0.000      0.0000       1.000
19 Disulfide angle restraints         :       0       0      0   0.000   0.000      0.0000       1.000
20 Disulfide dihedral angle restraints:       0       0      0   0.000   0.000      0.0000       1.000
21 Lower bound distance restraints    :       0       0      0   0.000   0.000      0.0000       1.000
22 Upper bound distance restraints    :       0       0      0   0.000   0.000      0.0000       1.000
23 Distance restraints 3 (SDCH-MNCH)  :     704       0      0   0.379   0.379      20.621       1.000
24 Sidechain Chi_5 dihedral restraints:       0       0      0   0.000   0.000      0.0000       1.000
25 Phi/Psi pair of dihedral restraints:      58       3      4  21.769  35.686      9.1336       1.000
26 Distance restraints 4 (SDCH-SDCH)  :     131       0      0   0.810   0.810      12.899       1.000
27 Distance restraints 5 (X-Y)        :   16810       0     21   0.028   0.028      188.30       1.000
28 NMR distance restraints 6 (X-Y)    :       0       0      0   0.000   0.000      0.0000       1.000
29 NMR distance restraints 7 (X-Y)    :       0       0      0   0.000   0.000      0.0000       1.000
30 Minimal distance restraints        :       0       0      0   0.000   0.000      0.0000       1.000
31 Non-bonded restraints              :       0       0      0   0.000   0.000      0.0000       1.000
32 Atomic accessibility restraints    :       0       0      0   0.000   0.000      0.0000       1.000
33 Atomic density restraints          :       0       0      0   0.000   0.000      0.0000       1.000
34 Absolute position restraints       :       0       0      0   0.000   0.000      0.0000       1.000
35 Dihedral angle difference restraint:       0       0      0   0.000   0.000      0.0000       1.000
36 GBSA implicit solvent potential    :       0       0      0   0.000   0.000      0.0000       1.000
37 EM density fitting potential       :       0       0      0   0.000   0.000      0.0000       1.000
38 SAXS restraints                    :       0       0      0   0.000   0.000      0.0000       1.000
39 Symmetry restraints                :       0       0      0   0.000   0.000      0.0000       1.000



openf___224_> Open           query.V99990001
# Heavy relative violation of each residue is written to: query.V99990001
# The profile is NOT normalized by the number of restraints.
# The profiles are smoothed over a window of residues:    1
# The sum of all numbers in the file:    9291.4756



List of the violated restraints:
   A restraint is violated when the relative difference
   from the best value (RVIOL) is larger than CUTOFF.

   ICSR   ... index of a restraint in the current set.
   RESNO  ... residue numbers of the first two atoms.
   ATM    ... IUPAC atom names of the first two atoms.
   FEAT   ... the value of the feature in the model.
   restr  ... the mean of the basis restraint with the smallest
              difference from the model (local minimum).
   viol   ... difference from the local minimum.
   rviol  ... relative difference from the local minimum.
   RESTR  ... the best value (global minimum).
   VIOL   ... difference from the best value.
   RVIOL  ... relative difference from the best value.


-------------------------------------------------------------------------------------------------

Feature 25                           : Phi/Psi pair of dihedral restraints     
List of the RVIOL violations larger than   :       6.5000

    #   ICSR  RESNO1/2 ATM1/2   INDATM1/2    FEAT   restr    viol   rviol   RESTR    VIOL   RVIOL
    1   1752  31Y  32L C   N     242  244 -117.42  -63.50   73.09    9.55  -63.50   73.09    9.55
    1         32L  32L N   CA    244  245    8.14  -41.20                  -41.20
    2   1760  39L  40M C   N     316  318  -60.61  -63.40   24.94    3.94 -125.60  169.20    6.51
    2         40M  40M N   CA    318  319  -15.72  -40.50                  140.50
    3   1761  40M  41N C   N     324  326 -157.41 -119.90   89.54    4.74   55.90  147.59   17.26
    3         41N  41N N   CA    326  327   55.69  137.00                   39.50


report______> Distribution of short non-bonded contacts:


DISTANCE1:  0.00 2.10 2.20 2.30 2.40 2.50 2.60 2.70 2.80 2.90 3.00 3.10 3.20 3.30 3.40
DISTANCE2:  2.10 2.20 2.30 2.40 2.50 2.60 2.70 2.80 2.90 3.00 3.10 3.20 3.30 3.40 3.50
FREQUENCY:     0    0    0    0    0    7   87   46   49   79   79  103   92  117  142


<< end of ENERGY.
openf___224_> Open           query.B99990001.pdb
wrpdb___568_> Residues, atoms, selected atoms:       84      972      972
openf___224_> Open           query.ini

Dynamically allocated memory at       amaxmodel [B,KiB,MiB]:     24433182   23860.529    23.301
read_mo_297_> Segments, residues, atoms:        3       84      972
read_mo_298_> Segment:        1  1:A  60:A      488
read_mo_298_> Segment:        2  61:B  72:B      240
read_mo_298_> Segment:        3  73:C  84:C      244
randomi_498_> Atoms,selected atoms,random_seed,amplitude:      972      488        1        4.0000
randomi_496_> Amplitude is > 0; randomization is done.
pick_re_612_> Number of MODEL atoms, selected restraints;      972    17825
pick_re_612_> Number of MODEL atoms, selected restraints;      972    18317
pick_re_612_> Number of MODEL atoms, selected restraints;      972    18680
pick_re_612_> Number of MODEL atoms, selected restraints;      972    19254
pick_re_612_> Number of MODEL atoms, selected restraints;      972    20524
pick_re_612_> Number of MODEL atoms, selected restraints;      972    21045
pick_re_612_> Number of MODEL atoms, selected restraints;      972    21149
pick_re_612_> Number of MODEL atoms, selected restraints;      972    21149
pick_re_612_> Number of MODEL atoms, selected restraints;      972    21149
iupac_m_486_> OE1/2 will be swapped:      179.9477       18  18
iupac_m_486_> OE1/2 will be swapped:      179.7513       26  26
iupac_m_487_> NH1/2 swapped:     -179.8718       33  33
iupac_m_486_> OE1/2 will be swapped:      180.0000       38  38
iupac_m_483_> CD1/2 CE1/2 swapped:      -91.5485       56  56
iupac_m_397W> Atoms were not swapped because of the uncertainty of how to handle the H atom.
>> Model assessment by DOPE potential
iatmcls_286W> MODEL atom not classified:  LEU:OXT  LEU


>> ENERGY; Differences between the model's features and restraints:
Number of all residues in MODEL                   :       84
Number of all, selected real atoms                :      972     972
Number of all, selected pseudo atoms              :        0       0
Number of all static, selected restraints         :    21149   21149
COVALENT_CYS                                      :        F
NONBONDED_SEL_ATOMS                               :        1
Number of non-bonded pairs (excluding 1-2,1-3,1-4):   104897
Dynamic pairs routine                             : 1, NATM x NATM double loop
Atomic shift for contacts update (UPDATE_DYNAMIC) :    0.390
LENNARD_JONES_SWITCH                              :    6.500   7.500
COULOMB_JONES_SWITCH                              :    6.500   7.500
RESIDUE_SPAN_RANGE                                :        1    9999
NLOGN_USE                                         :       15
CONTACT_SHELL                                     :   15.000
DYNAMIC_PAIRS,_SPHERE,_COULOMB,_LENNARD,_MODELLER :        T       F       F       F       T
SPHERE_STDV                                       :    0.050
RADII_FACTOR                                      :    0.820
Current energy                                    :       -5197.6499




<< end of ENERGY.
DOPE score               : -5197.649902
>> Model assessment by GA341 potential

Surface library          : /soft/system/software/Modeller/10.3/modlib/surf5.de
Pair library             : /soft/system/software/Modeller/10.3/modlib/pair9.de
Chain identifier         : _
% sequence identity      :    53.570999
Sequence length          :           60
Compactness              :     0.302238
Native energy (pair)     :   -43.338307
Native energy (surface)  :     2.229232
Native energy (combined) :    -1.528710
Z score (pair)           :    -4.440684
Z score (surface)        :    -2.989928
Z score (combined)       :    -4.682673
GA341 score              :     0.999999

>> Model assessment by DOPE-HR potential
iatmcls_286W> MODEL atom not classified:  LEU:OXT  LEU


>> ENERGY; Differences between the model's features and restraints:
Number of all residues in MODEL                   :       84
Number of all, selected real atoms                :      972     972
Number of all, selected pseudo atoms              :        0       0
Number of all static, selected restraints         :    21149   21149
COVALENT_CYS                                      :        F
NONBONDED_SEL_ATOMS                               :        1
Number of non-bonded pairs (excluding 1-2,1-3,1-4):   104897
Dynamic pairs routine                             : 1, NATM x NATM double loop
Atomic shift for contacts update (UPDATE_DYNAMIC) :    0.390
LENNARD_JONES_SWITCH                              :    6.500   7.500
COULOMB_JONES_SWITCH                              :    6.500   7.500
RESIDUE_SPAN_RANGE                                :        1    9999
NLOGN_USE                                         :       15
CONTACT_SHELL                                     :   15.000
DYNAMIC_PAIRS,_SPHERE,_COULOMB,_LENNARD,_MODELLER :        T       F       F       F       T
SPHERE_STDV                                       :    0.050
RADII_FACTOR                                      :    0.820
Current energy                                    :       -4152.8940




<< end of ENERGY.
DOPE-HR score               : -4152.894043


>> ENERGY; Differences between the model's features and restraints:
Number of all residues in MODEL                   :       84
Number of all, selected real atoms                :      972     972
Number of all, selected pseudo atoms              :        0       0
Number of all static, selected restraints         :    21149   21149
COVALENT_CYS                                      :        F
NONBONDED_SEL_ATOMS                               :        1
Number of non-bonded pairs (excluding 1-2,1-3,1-4):     2146
Dynamic pairs routine                             : 2, NATM x NATM cell sorting
Atomic shift for contacts update (UPDATE_DYNAMIC) :    0.390
LENNARD_JONES_SWITCH                              :    6.500   7.500
COULOMB_JONES_SWITCH                              :    6.500   7.500
RESIDUE_SPAN_RANGE                                :        0   99999
NLOGN_USE                                         :       15
CONTACT_SHELL                                     :    4.000
DYNAMIC_PAIRS,_SPHERE,_COULOMB,_LENNARD,_MODELLER :        T       T       F       F       F
SPHERE_STDV                                       :    0.050
RADII_FACTOR                                      :    0.820
Current energy                                    :         689.8063





Summary of the restraint violations: 

   NUM     ... number of restraints.
   NUMVI   ... number of restraints with RVIOL > VIOL_REPORT_CUT[i].
   RVIOL   ... relative difference from the best value.
   NUMVP   ... number of restraints with -Ln(pdf) > VIOL_REPORT_CUT2[i].
   RMS_1   ... RMS(feature, minimally_violated_basis_restraint, NUMB).
   RMS_2   ... RMS(feature, best_value, NUMB).
   MOL.PDF ... scaled contribution to -Ln(Molecular pdf).

 #                     RESTRAINT_GROUP      NUM   NUMVI  NUMVP   RMS_1   RMS_2         MOL.PDF     S_i
------------------------------------------------------------------------------------------------------
 1 Bond length potential              :     498       0      0   0.005   0.005      2.8423       1.000
 2 Bond angle potential               :     674       0      1   1.864   1.864      46.562       1.000
 3 Stereochemical cosine torsion poten:     323       0      8  45.205  45.205      105.13       1.000
 4 Stereochemical improper torsion pot:     226       0      0   1.148   1.148      6.1950       1.000
 5 Soft-sphere overlap restraints     :    2146       1     17   0.024   0.024      149.07       1.000
 6 Lennard-Jones 6-12 potential       :       0       0      0   0.000   0.000      0.0000       1.000
 7 Coulomb point-point electrostatic p:       0       0      0   0.000   0.000      0.0000       1.000
 8 H-bonding potential                :       0       0      0   0.000   0.000      0.0000       1.000
 9 Distance restraints 1 (CA-CA)      :     712       0      0   0.118   0.118      12.778       1.000
10 Distance restraints 2 (N-O)        :     840       1      4   0.243   0.243      54.136       1.000
11 Mainchain Phi dihedral restraints  :       0       0      0   0.000   0.000      0.0000       1.000
12 Mainchain Psi dihedral restraints  :       0       0      0   0.000   0.000      0.0000       1.000
13 Mainchain Omega dihedral restraints:      59       0      0   4.120   4.120      11.810       1.000
14 Sidechain Chi_1 dihedral restraints:      55       0      0  78.655  78.655      18.782       1.000
15 Sidechain Chi_2 dihedral restraints:      41       0      0  80.074  80.074      20.609       1.000
16 Sidechain Chi_3 dihedral restraints:      15       0      0  83.026  83.026      10.749       1.000
17 Sidechain Chi_4 dihedral restraints:       3       0      0  57.918  57.918      1.1672       1.000
18 Disulfide distance restraints      :       0       0      0   0.000   0.000      0.0000       1.000
19 Disulfide angle restraints         :       0       0      0   0.000   0.000      0.0000       1.000
20 Disulfide dihedral angle restraints:       0       0      0   0.000   0.000      0.0000       1.000
21 Lower bound distance restraints    :       0       0      0   0.000   0.000      0.0000       1.000
22 Upper bound distance restraints    :       0       0      0   0.000   0.000      0.0000       1.000
23 Distance restraints 3 (SDCH-MNCH)  :     704       0      0   0.452   0.452      30.106       1.000
24 Sidechain Chi_5 dihedral restraints:       0       0      0   0.000   0.000      0.0000       1.000
25 Phi/Psi pair of dihedral restraints:      58       1      4  24.416  34.086      8.9309       1.000
26 Distance restraints 4 (SDCH-SDCH)  :     131       0      0   0.947   0.947      20.639       1.000
27 Distance restraints 5 (X-Y)        :   16810       0     20   0.029   0.029      190.29       1.000
28 NMR distance restraints 6 (X-Y)    :       0       0      0   0.000   0.000      0.0000       1.000
29 NMR distance restraints 7 (X-Y)    :       0       0      0   0.000   0.000      0.0000       1.000
30 Minimal distance restraints        :       0       0      0   0.000   0.000      0.0000       1.000
31 Non-bonded restraints              :       0       0      0   0.000   0.000      0.0000       1.000
32 Atomic accessibility restraints    :       0       0      0   0.000   0.000      0.0000       1.000
33 Atomic density restraints          :       0       0      0   0.000   0.000      0.0000       1.000
34 Absolute position restraints       :       0       0      0   0.000   0.000      0.0000       1.000
35 Dihedral angle difference restraint:       0       0      0   0.000   0.000      0.0000       1.000
36 GBSA implicit solvent potential    :       0       0      0   0.000   0.000      0.0000       1.000
37 EM density fitting potential       :       0       0      0   0.000   0.000      0.0000       1.000
38 SAXS restraints                    :       0       0      0   0.000   0.000      0.0000       1.000
39 Symmetry restraints                :       0       0      0   0.000   0.000      0.0000       1.000



openf___224_> Open           query.V99990002
# Heavy relative violation of each residue is written to: query.V99990002
# The profile is NOT normalized by the number of restraints.
# The profiles are smoothed over a window of residues:    1
# The sum of all numbers in the file:    9551.4414



List of the violated restraints:
   A restraint is violated when the relative difference
   from the best value (RVIOL) is larger than CUTOFF.

   ICSR   ... index of a restraint in the current set.
   RESNO  ... residue numbers of the first two atoms.
   ATM    ... IUPAC atom names of the first two atoms.
   FEAT   ... the value of the feature in the model.
   restr  ... the mean of the basis restraint with the smallest
              difference from the model (local minimum).
   viol   ... difference from the local minimum.
   rviol  ... relative difference from the local minimum.
   RESTR  ... the best value (global minimum).
   VIOL   ... difference from the best value.
   RVIOL  ... relative difference from the best value.


-------------------------------------------------------------------------------------------------

Feature 10                           : Distance restraints 2 (N-O)             
List of the RVIOL violations larger than   :       4.5000

    #   ICSR  RESNO1/2 ATM1/2   INDATM1/2    FEAT   restr    viol   rviol   RESTR    VIOL   RVIOL
    1   3216  39L  35N N   O     310  282    5.45    3.43    2.03    4.74    3.43    2.03    4.74

-------------------------------------------------------------------------------------------------

Feature 25                           : Phi/Psi pair of dihedral restraints     
List of the RVIOL violations larger than   :       6.5000

    #   ICSR  RESNO1/2 ATM1/2   INDATM1/2    FEAT   restr    viol   rviol   RESTR    VIOL   RVIOL
    1   1756  35N  36Q C   N     281  283   75.64  -63.80  142.24   22.30  -63.80  142.24   22.30
    1         36Q  36Q N   CA    283  284  -68.38  -40.30                  -40.30


report______> Distribution of short non-bonded contacts:


DISTANCE1:  0.00 2.10 2.20 2.30 2.40 2.50 2.60 2.70 2.80 2.90 3.00 3.10 3.20 3.30 3.40
DISTANCE2:  2.10 2.20 2.30 2.40 2.50 2.60 2.70 2.80 2.90 3.00 3.10 3.20 3.30 3.40 3.50
FREQUENCY:     0    0    0    0    0   10   87   52   46   82   85   93   86  125  144


<< end of ENERGY.
openf___224_> Open           query.B99990002.pdb
wrpdb___568_> Residues, atoms, selected atoms:       84      972      972

>> Summary of successfully produced models:
Filename                          molpdf     DOPE score  DOPE-HR score    GA341 score
-------------------------------------------------------------------------------------
query.B99990001.pdb            695.23676    -5225.91357    -4496.89941        1.00000
query.B99990002.pdb            689.80634    -5197.64990    -4152.89404        1.00000

